// Jest Snapshot v1, https://goo.gl/fbAQLP

exports[`Behavior Loading render snapshot 1`] = `
<View
  style={
    {
      "alignItems": "center",
      "backgroundColor": "#FFFFFF",
      "flexBasis": 0,
      "flexGrow": 1,
      "flexShrink": 1,
      "justifyContent": "center",
    }
  }
>
  <ActivityIndicator
    color="#2D4379"
    size="large"
  />
</View>
`;
